2024-09-27 11:55:36 [info]: Démarrage de toutes les opérations des bots...
2024-09-27 11:55:36 [info]: Lancement de l'export de Chronopost...
2024-09-27 11:55:36 [error]: Erreur lors du lancement des opérations : automateChronopostExport is not a function
2024-09-27 11:59:22 [info]: Démarrage de toutes les opérations des bots...
2024-09-27 11:59:22 [info]: Lancement de l'export de Chronopost...
2024-09-27 11:59:22 [error]: Erreur lors du lancement des opérations : automateChronopostExport is not a function
2024-09-27 12:05:55 [info]: Démarrage de toutes les opérations des bots...
2024-09-27 12:05:55 [info]: Lancement de l'export de Chronopost...
2024-09-27 12:05:55 [error]: Erreur lors du lancement des opérations : automateChronopostExport is not defined
2024-09-27 12:10:17 [info]: Démarrage de toutes les opérations des bots...
2024-09-27 12:10:17 [info]: Lancement de l'export de Chronopost...
2024-09-27 12:10:57 [info]: Lancement de l'import de Chronopost...
2024-09-27 12:12:04 [info]: Lancement de l'export de Colissimo...
2024-09-27 12:13:41 [info]: Démarrage de toutes les opérations des bots...
2024-09-27 12:13:41 [info]: Lancement de l'export de Chronopost...
2024-09-27 12:14:13 [info]: Lancement de l'import de Chronopost...
2024-09-27 12:15:04 [info]: Lancement de l'export de Colissimo...
2024-09-27 12:19:57 [info]: Démarrage de toutes les opérations des bots...
2024-09-27 12:19:57 [info]: Lancement de l'export de Chronopost...
2024-09-27 12:20:48 [info]: Export de Chronopost terminé avec succès.
2024-09-27 12:20:48 [info]: Lancement de l'import de Chronopost...
2024-09-27 12:23:15 [info]: Import de Chronopost terminé avec succès.
2024-09-27 12:23:15 [info]: Lancement de l'export de Colissimo...
2024-09-27 12:24:39 [info]: Démarrage de toutes les opérations des bots...
2024-09-27 12:24:39 [info]: Lancement de l'export de Chronopost...
2024-09-27 12:25:24 [info]: Export de Chronopost terminé avec succès.
2024-09-27 12:25:24 [info]: Lancement de l'import de Chronopost...
2024-09-27 12:25:59 [info]: Import de Chronopost terminé avec succès.
2024-09-27 12:25:59 [info]: Lancement de l'import de Colissimo...
2024-09-27 12:26:23 [info]: Import de Colissimo terminé avec succès.
2024-09-27 12:26:23 [info]: Lancement de l'export de Colissimo...
2024-09-30 11:15:09 [info]: Démarrage de toutes les opérations des bots...
2024-09-30 11:15:09 [info]: Lancement de l'export de Chronopost...
2024-09-30 11:17:26 [info]: Démarrage de toutes les opérations des bots...
2024-09-30 11:17:26 [info]: Lancement de l'export de Chronopost...
2024-09-30 11:17:51 [info]: Export de Chronopost terminé avec succès.
2024-09-30 11:17:51 [info]: Lancement de l'import de Chronopost...
2024-09-30 11:18:23 [info]: Import de Chronopost terminé avec succès.
2024-09-30 11:18:23 [info]: Lancement de l'export de Colissimo...
2024-09-30 11:19:09 [info]: Export de Colissimo terminé avec succès.
2024-09-30 11:19:09 [info]: Lancement de l'import de Colissimo...
2024-09-30 11:19:28 [info]: Import de Colissimo terminé avec succès.
2024-09-30 11:19:28 [info]: Toutes les opérations ont été effectuées (qu'elles aient réussi ou échoué).
2024-09-30 11:22:47 [info]: Démarrage de toutes les opérations des bots...
2024-09-30 11:22:47 [info]: Lancement de l'export de Chronopost...
2024-09-30 11:23:11 [info]: Export de Chronopost terminé avec succès.
2024-09-30 11:23:11 [info]: Lancement de l'import de Chronopost...
2024-09-30 11:23:43 [info]: Import de Chronopost terminé avec succès.
2024-09-30 11:23:43 [info]: Lancement de l'export de Colissimo...
2024-09-30 11:24:26 [info]: Export de Colissimo terminé avec succès.
2024-09-30 11:24:26 [info]: Lancement de l'import de Colissimo...
2024-09-30 11:24:47 [info]: Import de Colissimo terminé avec succès.
2024-09-30 11:24:47 [info]: Toutes les opérations ont été effectuées (qu'elles aient réussi ou échoué).
2024-09-30 11:42:36 [info]: Démarrage de toutes les opérations des bots...
2024-09-30 11:42:36 [info]: Lancement de l'export de Chronopost...
2024-09-30 11:43:00 [info]: Export de Chronopost terminé avec succès.
2024-09-30 11:43:00 [info]: Lancement de l'import de Chronopost...
2024-09-30 11:43:32 [info]: Import de Chronopost terminé avec succès.
2024-09-30 11:43:32 [info]: Lancement de l'export de Colissimo...
2024-09-30 11:44:17 [info]: Export de Colissimo terminé avec succès.
2024-09-30 11:44:17 [info]: Lancement de l'import de Colissimo...
2024-09-30 11:45:00 [info]: Import de Colissimo terminé avec succès.
2024-09-30 11:45:00 [info]: Toutes les opérations ont été effectuées (qu'elles aient réussi ou échoué).
2024-09-30 11:53:29 [info]: Démarrage de toutes les opérations des bots...
2024-09-30 11:53:29 [info]: Lancement de l'export de Chronopost...
2024-09-30 11:53:53 [info]: Export de Chronopost terminé avec succès.
2024-09-30 11:53:53 [info]: Lancement de l'import de Chronopost...
2024-09-30 11:54:25 [info]: Import de Chronopost terminé avec succès.
2024-09-30 11:54:25 [info]: Lancement de l'export de Colissimo...
2024-09-30 11:55:10 [info]: Export de Colissimo terminé avec succès.
2024-09-30 11:55:10 [info]: Lancement de l'import de Colissimo...
2024-09-30 11:55:28 [info]: Import de Colissimo terminé avec succès.
2024-09-30 11:55:28 [info]: Toutes les opérations ont été effectuées (qu'elles aient réussi ou échoué).
2024-09-30 12:01:20 [info]: Démarrage de toutes les opérations des bots...
2024-09-30 12:01:20 [info]: Lancement de l'export de Chronopost...
2024-09-30 12:01:44 [info]: Export de Chronopost terminé avec succès.
2024-09-30 12:01:44 [info]: Lancement de l'import de Chronopost...
2024-09-30 12:02:17 [info]: Import de Chronopost terminé avec succès.
2024-09-30 12:02:17 [info]: Lancement de l'export de Colissimo...
2024-09-30 12:03:02 [info]: Export de Colissimo terminé avec succès.
2024-09-30 12:03:02 [info]: Lancement de l'import de Colissimo...
2024-09-30 12:03:21 [info]: Import de Colissimo terminé avec succès.
2024-09-30 12:03:21 [info]: Toutes les opérations ont été effectuées (qu'elles aient réussi ou échoué).
2024-09-30 13:48:59 [info]: Démarrage de toutes les opérations des bots...
2024-09-30 13:48:59 [info]: Lancement de l'export de Chronopost...
2024-09-30 13:49:21 [info]: Export de Chronopost terminé avec succès.
2024-09-30 13:49:21 [info]: Lancement de l'import de Chronopost...
2024-09-30 13:49:52 [info]: Import de Chronopost terminé avec succès.
2024-09-30 13:49:52 [info]: Lancement de l'export de Colissimo...
2024-09-30 13:50:34 [info]: Export de Colissimo terminé avec succès.
2024-09-30 13:50:34 [info]: Lancement de l'import de Colissimo...
2024-09-30 13:51:10 [info]: Import de Colissimo terminé avec succès.
2024-09-30 13:51:10 [info]: Toutes les opérations ont été effectuées (qu'elles aient réussi ou échoué).
2024-09-30 13:52:23 [info]: Démarrage de toutes les opérations des bots...
2024-09-30 13:52:23 [info]: Lancement de l'export de Chronopost...
2024-09-30 13:52:40 [info]: Export de Chronopost terminé avec succès.
2024-09-30 13:52:40 [info]: Lancement de l'import de Chronopost...
2024-09-30 13:53:07 [info]: Import de Chronopost terminé avec succès.
2024-09-30 13:53:07 [info]: Lancement de l'export de Colissimo...
2024-09-30 13:53:49 [info]: Export de Colissimo terminé avec succès.
2024-09-30 13:53:49 [info]: Lancement de l'import de Colissimo...
2024-09-30 13:54:24 [info]: Import de Colissimo terminé avec succès.
2024-09-30 13:54:24 [info]: Toutes les opérations ont été effectuées (qu'elles aient réussi ou échoué).
2024-09-30 13:56:43 [info]: Démarrage de toutes les opérations des bots...
2024-09-30 13:56:43 [info]: Lancement de l'export de Chronopost...
2024-09-30 13:57:00 [info]: Export de Chronopost terminé avec succès.
2024-09-30 13:57:00 [info]: Lancement de l'import de Chronopost...
2024-09-30 13:57:10 [info]: Import de Chronopost terminé avec succès.
2024-09-30 13:57:10 [info]: Lancement de l'export de Colissimo...
2024-09-30 13:57:53 [info]: Export de Colissimo terminé avec succès.
2024-09-30 13:57:53 [info]: Lancement de l'import de Colissimo...
2024-09-30 13:58:29 [info]: Import de Colissimo terminé avec succès.
2024-09-30 13:58:29 [info]: Toutes les opérations ont été effectuées (qu'elles aient réussi ou échoué).
2024-09-30 13:58:45 [info]: Démarrage de toutes les opérations des bots...
2024-09-30 13:58:45 [info]: Lancement de l'import de Colissimo...
2024-09-30 14:00:16 [info]: Import de Colissimo terminé avec succès.
2024-09-30 14:00:16 [info]: Toutes les opérations ont été effectuées (qu'elles aient réussi ou échoué).
2024-09-30 14:00:41 [info]: Démarrage de toutes les opérations des bots...
2024-09-30 14:00:41 [info]: Lancement de l'import de Colissimo...
2024-09-30 14:01:58 [info]: Import de Colissimo terminé avec succès.
2024-09-30 14:01:58 [info]: Toutes les opérations ont été effectuées (qu'elles aient réussi ou échoué).
2024-09-30 14:02:55 [info]: Démarrage de toutes les opérations des bots...
2024-09-30 14:02:55 [info]: Lancement de l'import de Colissimo...
2024-09-30 14:04:12 [info]: Import de Colissimo terminé avec succès.
2024-09-30 14:04:12 [info]: Toutes les opérations ont été effectuées (qu'elles aient réussi ou échoué).
2024-09-30 14:17:12 [info]: Démarrage de toutes les opérations des bots...
2024-09-30 14:17:12 [info]: Lancement de l'export de Colissimo...
2024-09-30 14:17:56 [info]: Export de Colissimo terminé avec succès.
2024-09-30 14:17:56 [info]: Toutes les opérations ont été effectuées (qu'elles aient réussi ou échoué).
2024-09-30 14:20:40 [info]: Démarrage de toutes les opérations des bots...
2024-09-30 14:20:40 [info]: Lancement de l'export de Colissimo...
2024-09-30 14:21:26 [info]: Export de Colissimo terminé avec succès.
2024-09-30 14:21:26 [info]: Toutes les opérations ont été effectuées (qu'elles aient réussi ou échoué).
2024-09-30 14:23:24 [info]: Démarrage de toutes les opérations des bots...
2024-09-30 14:23:24 [info]: Lancement de l'export de Colissimo...
2024-09-30 14:24:08 [info]: Export de Colissimo terminé avec succès.
2024-09-30 14:24:08 [info]: Toutes les opérations ont été effectuées (qu'elles aient réussi ou échoué).
2024-09-30 14:24:18 [info]: Démarrage de toutes les opérations des bots...
2024-09-30 14:24:18 [info]: Lancement de l'export de Colissimo...
2024-09-30 14:25:51 [info]: Export de Colissimo terminé avec succès.
2024-09-30 14:25:51 [info]: Toutes les opérations ont été effectuées (qu'elles aient réussi ou échoué).
2024-09-30 14:28:01 [info]: Démarrage de toutes les opérations des bots...
2024-09-30 14:28:01 [info]: Lancement de l'import de Colissimo...
2024-09-30 14:29:04 [info]: Import de Colissimo terminé avec succès.
2024-09-30 14:29:04 [info]: Toutes les opérations ont été effectuées (qu'elles aient réussi ou échoué).
2024-09-30 14:29:14 [info]: Démarrage de toutes les opérations des bots...
2024-09-30 14:29:14 [info]: Lancement de l'import de Colissimo...
2024-09-30 14:29:50 [info]: Import de Colissimo terminé avec succès.
2024-09-30 14:29:50 [info]: Toutes les opérations ont été effectuées (qu'elles aient réussi ou échoué).
2024-09-30 14:31:03 [info]: Démarrage de toutes les opérations des bots...
2024-09-30 14:31:03 [info]: Lancement de l'export de Colissimo...
2024-09-30 14:32:37 [info]: Export de Colissimo terminé avec succès.
2024-09-30 14:32:37 [info]: Toutes les opérations ont été effectuées (qu'elles aient réussi ou échoué).
2024-09-30 14:33:52 [info]: Démarrage de toutes les opérations des bots...
2024-09-30 14:33:52 [info]: Lancement de l'export de Colissimo...
2024-09-30 14:35:27 [info]: Export de Colissimo terminé avec succès.
2024-09-30 14:35:27 [info]: Toutes les opérations ont été effectuées (qu'elles aient réussi ou échoué).
2024-09-30 14:47:18 [info]: Démarrage de toutes les opérations des bots...
2024-09-30 14:47:18 [info]: Lancement de l'export de Colissimo...
2024-09-30 14:48:54 [info]: Export de Colissimo terminé avec succès.
2024-09-30 14:48:54 [info]: Toutes les opérations ont été effectuées (qu'elles aient réussi ou échoué).
2024-09-30 14:50:30 [info]: Démarrage de toutes les opérations des bots...
2024-09-30 14:50:30 [info]: Lancement de l'export de Colissimo...
2024-09-30 14:52:42 [info]: Export de Colissimo terminé avec succès.
2024-09-30 14:52:42 [info]: Toutes les opérations ont été effectuées (qu'elles aient réussi ou échoué).
2024-09-30 14:54:34 [info]: Démarrage de toutes les opérations des bots...
2024-09-30 14:54:34 [info]: Lancement de l'export de Colissimo...
2024-09-30 14:57:02 [info]: Export de Colissimo terminé avec succès.
2024-09-30 14:57:02 [info]: Toutes les opérations ont été effectuées (qu'elles aient réussi ou échoué).
2024-09-30 15:08:19 [info]: Démarrage de toutes les opérations des bots...
2024-09-30 15:08:19 [info]: Lancement de l'export de Colissimo...
2024-09-30 15:10:14 [info]: Export de Colissimo terminé avec succès.
2024-09-30 15:10:14 [info]: Toutes les opérations ont été effectuées (qu'elles aient réussi ou échoué).
